2 3-way, fast-forward와rebase 비교
$ git rebase <newparent> <branch>
15
일반적 rebase 방법
topic에서 main을 rebase 한 이후, 다시 main으로 이동 fast-forward 병합 수행
$ git checkout topic
$ git rebase main
$ git checkout main
$ git merge topic 
다른 rebase 방법: 어느 브랜치든 main topic 순서로 재배치 방법
$ git rebase main topic
$ git checkout main
$ git merge topic


$ git init grbas
$ cd grbas
$ echo 111 > f
$ git add f
$ git commit -m 1
$ git checkout -b topic
$ echo aaa > g
$ git add g
$ git commit -m A
$ echo bbb >> g
$ git commit -am B
$ git checkout main
$ echo 222 >> f
$ git commit -am 2

$ git switch topic
$ git rebase main
Successfully rebased and updated refs/heads/topic.
$ git log --graph --oneline --all
* 3ef33a8 (HEAD -> topic) B
* 20c99aa A
* f297212 (main) 2
* 0f1745a 1


$ git switch main
$ git merge topic
Updating f297212..3ef33a8
Fast-forward
g | 2 ++
1 file changed, 2 insertions(+)
create mode 100644 g
$ git log --graph --oneline --all
* 3ef33a8 (HEAD -> main, topic) B
* 20c99aa A
* f297212 2
* 0f1745a 1
